# Extent Types ...
<ExtentType namespace="dataseries.hpl.hp.com" name="DSIndex::Extent::Info" version="1.0">
  <field type="variable32" name="type-prefix" />
  <field type="variable32" name="fields" />
</ExtentType>

<ExtentType namespace="ssd.hpl.hp.com" version="1.0" name="DSIndex::Extent::MinMax::Batch::LSF::Grizzly">
  <field type="variable32" name="filename" />
  <field type="int64" name="extent_offset" />
  <field type="int32" name="rowcount" />
  <field type="variable32" name="min:cluster_name" />
  <field type="variable32" name="max:cluster_name" />
  <field type="bool" name="hasnull:cluster_name" />
  <field type="int32" name="min:submit_time" />
  <field type="int32" name="max:submit_time" />
  <field type="bool" name="hasnull:submit_time" />
  <field type="int32" name="min:end_time" />
  <field type="int32" name="max:end_time" />
  <field type="bool" name="hasnull:end_time" />
</ExtentType>

<ExtentType namespace="dataseries.hpl.hp.com" name="DSIndex::Extent::ModifyTimes" version="1.0" >
  <field type="variable32" name="filename" />
  <field type="int64" name="modify-time" />
</ExtentType>

<ExtentType name="DataSeries: ExtentIndex">
  <field type="int64" name="offset" />
  <field type="variable32" name="extenttype" />
</ExtentType>

<ExtentType name="DataSeries: XmlType">
  <field type="variable32" name="xmltype" />
</ExtentType>

# Extent, type='DSIndex::Extent::Info'
type-prefix fields
Batch::LSF::Grizzly cluster_name,submit_time,end_time
# Extent, type='DSIndex::Extent::MinMax::Batch::LSF::Grizzly'
filename extent_offset rowcount min:cluster_name max:cluster_name hasnull:cluster_name min:submit_time max:submit_time hasnull:submit_time min:end_time max:end_time hasnull:end_time
/home/anderse/projects/DataSeries/check-data/lsb.acct.2007-01-01-p1.ds 1336 62 rwc rwc F 1167427584 1167681317 F 1167681309 1167681342 F
/home/anderse/projects/DataSeries/check-data/lsb.acct.2007-01-01-p1.ds 33400 62 rwc rwc F 1167364688 1167681344 F 1167681342 1167681373 F
/home/anderse/projects/DataSeries/check-data/lsb.acct.2007-01-01-p1.ds 65448 63 rwc rwc F 1167421984 1167681382 F 1167681373 1167681402 F
/home/anderse/projects/DataSeries/check-data/lsb.acct.2007-01-01-p1.ds 97480 63 rwc rwc F 1167386499 1167681413 F 1167681404 1167681437 F
/home/anderse/projects/DataSeries/check-data/lsb.acct.2007-01-01-p1.ds 129912 63 rwc rwc F 1167322177 1167681435 F 1167681437 1167681466 F
/home/anderse/projects/DataSeries/check-data/lsb.acct.2007-01-01-p1.ds 159988 63 rwc rwc F 1167403520 1167681459 F 1167681466 1167681494 F
/home/anderse/projects/DataSeries/check-data/lsb.acct.2007-01-01-p1.ds 191648 63 rwc rwc F 1167326046 1167681499 F 1167681494 1167681521 F
/home/anderse/projects/DataSeries/check-data/lsb.acct.2007-01-01-p1.ds 221912 57 rwc rwc F 1167316316 1167681522 F 1167681521 1167681547 F
# Extent, type='DSIndex::Extent::ModifyTimes'
filename modify-time
/home/anderse/projects/DataSeries/check-data/lsb.acct.2007-01-01-p1.ds ########
